C51 COMPILER V9.60.0.0   I2CEEPROM                                                         01/13/2024 15:56:51 PAGE 1   


C51 COMPILER V9.60.0.0, COMPILATION OF MODULE I2CEEPROM
OBJECT MODULE PLACED IN .\Output\I2Ceeprom.obj
COMPILER INVOKED BY: C:\Keil_v5\C51\BIN\C51.EXE ..\..\LIB\I2Ceeprom.c OPTIMIZE(8,SPEED) BROWSE INCDIR(..\..\Include;..\.
                    -.\LIB) DEFINE(FOSC_160000) DEBUG OBJECTEXTEND PRINT(.\LST\I2Ceeprom.lst) OBJECT(.\Output\I2Ceeprom.obj)

line level    source

   1          #include "N76E003.h"
   2          #include "SFR_Macro.h"
   3          #include "Function_define.h"
   4          #include "Common.h"
   5          #include "Delay.h"
   6          
   7          #include "I2Ceeprom.h"
   8          
   9          
  10          void I2C_Init(void)
  11          {
  12   1              I2CLK = I2C_CLOCK;
  13   1              /* P1.3 */
  14   1              /* Quasi */
  15   1              P1M1 &= ~(1 << 3);
  16   1              P1M2 &= ~(1 << 3);
  17   1              /* P1.4 */
  18   1              /* Quasi */
  19   1              P1M1 &= ~(1 << 4);
  20   1              P1M2 &= ~(1 << 4);
  21   1              
  22   1              P13=1;
  23   1              P14=1;
  24   1              
  25   1              I2CEN=1;
  26   1      }
  27          
  28          bit I2C_Write_Address(uint8_t addWrite)
  29          {
  30   1              uint16_t xdata t;
  31   1              uint8_t xdata u8TimeOut;
  32   1              
  33   1              if (I2STAT != 0xF8) {
  34   2                      return 0;
  35   2              }
  36   1              
  37   1              /* start */
  38   1              STO = 0;
  39   1              STA = 1;
  40   1              SI = 0;
  41   1              t = 1;
  42   1              u8TimeOut = 0;
  43   1              
  44   1              while (1) {
  45   2                      if (SI) {
  46   3                              break;
  47   3                      }
  48   2                      if (!t) {
  49   3                              u8TimeOut = 1;
  50   3                              break;
  51   3                      }
  52   2                      ++t;
  53   2              }
  54   1              
C51 COMPILER V9.60.0.0   I2CEEPROM                                                         01/13/2024 15:56:51 PAGE 2   

  55   1              if (u8TimeOut) {
  56   2                      /* start error */
  57   2                      send_stop();
  58   2                      return 0;
  59   2              }
  60   1              
  61   1              if (I2STAT != 0x08) {
  62   2                      /* start error */
  63   2                      send_stop();
  64   2                      return 0;
  65   2              }
  66   1              
  67   1              /* send address */
  68   1              STA = 0;
  69   1              STO = 0;
  70   1              I2DAT = EEPROM_SLA;
  71   1              SI = 0;
  72   1              t = 1;
  73   1              u8TimeOut = 0;
  74   1              while (1) {
  75   2                      if (SI) {
  76   3                              break;
  77   3                      }
  78   2                      if (!t) {
  79   3                              u8TimeOut = 1;
  80   3                              break;
  81   3                      }
  82   2                      ++t;
  83   2              }
  84   1              
  85   1              if (u8TimeOut) {
  86   2                      /* send address error */
  87   2                      send_stop();
  88   2                      return 0;
  89   2              }
  90   1              
  91   1              if (I2STAT != 0x18) {
  92   2                      /* send address error */
  93   2                      send_stop();
  94   2                      return 0;
  95   2              }
  96   1              
  97   1              /* send data */
  98   1              // for (i = 0; i < length; ++i) {
  99   1                      I2DAT = addWrite;
 100   1                      SI = 0;
 101   1                      t = 1;
 102   1                      u8TimeOut = 0;
 103   1                      while (1) {
 104   2                              if (SI) {
 105   3                                      break;
 106   3                              }
 107   2                              if (!t) {
 108   3                                      u8TimeOut = 1;
 109   3                                      break;
 110   3                              }
 111   2                              ++t;
 112   2                      }
 113   1                      if (u8TimeOut) {
 114   2                              /* send data error */
 115   2                              send_stop();
 116   2                              return 0;
C51 COMPILER V9.60.0.0   I2CEEPROM                                                         01/13/2024 15:56:51 PAGE 3   

 117   2                      }
 118   1                      if (I2STAT != 0x28) {
 119   2                              /* send data error */
 120   2                              send_stop();
 121   2                              return 0;
 122   2                      }
 123   1              // }
 124   1              
 125   1              /* stop */
 126   1              return send_stop();
 127   1      }
 128          
 129          bit I2C_Write(uint8_t addWrite, uint8_t pData)
 130          {
 131   1              // uint8_t i;
 132   1              uint16_t xdata t;
 133   1              uint8_t xdata u8TimeOut;
 134   1              
 135   1              if (I2STAT != 0xF8) {
 136   2                      return 0;
 137   2              }
 138   1              
 139   1              /* start */
 140   1              STO = 0;
 141   1              STA = 1;
 142   1              SI = 0;
 143   1              t = 1;
 144   1              u8TimeOut = 0;
 145   1              
 146   1              while (1) {
 147   2                      if (SI) {
 148   3                              break;
 149   3                      }
 150   2                      if (!t) {
 151   3                              u8TimeOut = 1;
 152   3                              break;
 153   3                      }
 154   2                      ++t;
 155   2              }
 156   1              
 157   1              if (u8TimeOut) {
 158   2                      /* start error */
 159   2                      send_stop();
 160   2                      return 0;
 161   2              }
 162   1              
 163   1              if (I2STAT != 0x08) {
 164   2                      /* start error */
 165   2                      send_stop();
 166   2                      return 0;
 167   2              }
 168   1              
 169   1              /* send address */
 170   1              STA = 0;
 171   1              STO = 0;
 172   1              I2DAT = EEPROM_SLA;
 173   1              SI = 0;
 174   1              t = 1;
 175   1              u8TimeOut = 0;
 176   1              while (1) {
 177   2                      if (SI) {
 178   3                              break;
C51 COMPILER V9.60.0.0   I2CEEPROM                                                         01/13/2024 15:56:51 PAGE 4   

 179   3                      }
 180   2                      if (!t) {
 181   3                              u8TimeOut = 1;
 182   3                              break;
 183   3                      }
 184   2                      ++t;
 185   2              }
 186   1              
 187   1              if (u8TimeOut) {
 188   2                      /* send address error */
 189   2                      send_stop();
 190   2                      return 0;
 191   2              }
 192   1              
 193   1              if (I2STAT != 0x18) {
 194   2                      /* send address error */
 195   2                      send_stop();
 196   2                      return 0;
 197   2              }
 198   1              
 199   1              /* send data */
 200   1              // for (i = 0; i < length; ++i) {
 201   1                      I2DAT = addWrite;
 202   1                      SI = 0;
 203   1                      t = 1;
 204   1                      u8TimeOut = 0;
 205   1                      while (1) {
 206   2                              if (SI) {
 207   3                                      break;
 208   3                              }
 209   2                              if (!t) {
 210   3                                      u8TimeOut = 1;
 211   3                                      break;
 212   3                              }
 213   2                              ++t;
 214   2                      }
 215   1                      if (u8TimeOut) {
 216   2                              /* send data error */
 217   2                              send_stop();
 218   2                              return 0;
 219   2                      }
 220   1                      if (I2STAT != 0x28) {
 221   2                              /* send data error */
 222   2                              send_stop();
 223   2                              return 0;
 224   2                      }
 225   1              // }
 226   1      
 227   1                      I2DAT = pData;
 228   1                      SI = 0;
 229   1                      t = 1;
 230   1                      u8TimeOut = 0;
 231   1                      while (1) {
 232   2                              if (SI) {
 233   3                                      break;
 234   3                              }
 235   2                              if (!t) {
 236   3                                      u8TimeOut = 1;
 237   3                                      break;
 238   3                              }
 239   2                              ++t;
 240   2                      }
C51 COMPILER V9.60.0.0   I2CEEPROM                                                         01/13/2024 15:56:51 PAGE 5   

 241   1                      if (u8TimeOut) {
 242   2                              /* send data error */
 243   2                              send_stop();
 244   2                              return 0;
 245   2                      }
 246   1                      if (I2STAT != 0x28) {
 247   2                              /* send data error */
 248   2                              send_stop();
 249   2                              return 0;
 250   2                      }
 251   1              
 252   1              /* stop */
 253   1              return send_stop();
 254   1      }
 255          
 256          bit I2C_WriteInt(uint8_t addWrite, uint16_t pData)
 257          {
 258   1              uint8_t xdata i;
 259   1              uint8_t xdata u8TimeOut;
 260   1              uint16_t xdata t;
 261   1              
 262   1              if (I2STAT != 0xF8) {
 263   2                      return 0;
 264   2              }
 265   1              
 266   1              /* start */
 267   1              STO = 0;
 268   1              STA = 1;
 269   1              SI = 0;
 270   1              t = 1;
 271   1              u8TimeOut = 0;
 272   1              
 273   1              while (1) {
 274   2                      if (SI) {
 275   3                              break;
 276   3                      }
 277   2                      if (!t) {
 278   3                              u8TimeOut = 1;
 279   3                              break;
 280   3                      }
 281   2                      ++t;
 282   2              }
 283   1              
 284   1              if (u8TimeOut) {
 285   2                      /* start error */
 286   2                      send_stop();
 287   2                      return 0;
 288   2              }
 289   1              
 290   1              if (I2STAT != 0x08) {
 291   2                      /* start error */
 292   2                      send_stop();
 293   2                      return 0;
 294   2              }
 295   1              
 296   1              /* send address */
 297   1              STA = 0;
 298   1              STO = 0;
 299   1              I2DAT = EEPROM_SLA;
 300   1              SI = 0;
 301   1              t = 1;
 302   1              u8TimeOut = 0;
C51 COMPILER V9.60.0.0   I2CEEPROM                                                         01/13/2024 15:56:51 PAGE 6   

 303   1              while (1) {
 304   2                      if (SI) {
 305   3                              break;
 306   3                      }
 307   2                      if (!t) {
 308   3                              u8TimeOut = 1;
 309   3                              break;
 310   3                      }
 311   2                      ++t;
 312   2              }
 313   1              
 314   1              if (u8TimeOut) {
 315   2                      /* send address error */
 316   2                      send_stop();
 317   2                      return 0;
 318   2              }
 319   1              
 320   1              if (I2STAT != 0x18) {
 321   2                      /* send address error */
 322   2                      send_stop();
 323   2                      return 0;
 324   2              }
 325   1              
 326   1              /* send data */
 327   1              // for (i = 0; i < length; ++i) {
 328   1                      I2DAT = addWrite;
 329   1                      SI = 0;
 330   1                      t = 1;
 331   1                      u8TimeOut = 0;
 332   1                      while (1) {
 333   2                              if (SI) {
 334   3                                      break;
 335   3                              }
 336   2                              if (!t) {
 337   3                                      u8TimeOut = 1;
 338   3                                      break;
 339   3                              }
 340   2                              ++t;
 341   2                      }
 342   1                      if (u8TimeOut) {
 343   2                              /* send data error */
 344   2                              send_stop();
 345   2                              return 0;
 346   2                      }
 347   1                      if (I2STAT != 0x28) {
 348   2                              /* send data error */
 349   2                              send_stop();
 350   2                              return 0;
 351   2                      }
 352   1              // }
 353   1      
 354   1              for (i = 0; i < 2; ++i) {
 355   2              if (i == 0) I2DAT = HIBYTE(pData);
 356   2              else I2DAT = LOBYTE(pData);
 357   2                      SI = 0;
 358   2                      t = 1;
 359   2                      u8TimeOut = 0;
 360   2                      while (1) {
 361   3                              if (SI) {
 362   4                                      break;
 363   4                              }
 364   3                              if (!t) {
C51 COMPILER V9.60.0.0   I2CEEPROM                                                         01/13/2024 15:56:51 PAGE 7   

 365   4                                      u8TimeOut = 1;
 366   4                                      break;
 367   4                              }
 368   3                              ++t;
 369   3                      }
 370   2                      if (u8TimeOut) {
 371   3                              /* send data error */
 372   3                              send_stop();
 373   3                              return 0;
 374   3                      }
 375   2                      if (I2STAT != 0x28) {
 376   3                              /* send data error */
 377   3                              send_stop();
 378   3                              return 0;
 379   3                      }
 380   2              }
 381   1              
 382   1              /* stop */
 383   1              return send_stop();
 384   1      }
 385          
 386          bit I2C_Read(uint8_t addRead, uint8_t *pData)
 387          {
 388   1              // uint8_t i;
 389   1              uint8_t xdata u8TimeOut;
 390   1              uint16_t xdata t;
 391   1      
 392   1              if (!I2C_Write_Address(addRead)) {
 393   2                      return 0;
 394   2              }
 395   1      
 396   1              
 397   1              if (I2STAT != 0xF8) {
 398   2                      return 0;
 399   2              }
 400   1              
 401   1              /* start */
 402   1              STO = 0;
 403   1              STA = 1;
 404   1              SI = 0;
 405   1              t = 1;
 406   1              u8TimeOut = 0;
 407   1              
 408   1              while (1) {
 409   2                      if (SI) {
 410   3                              break;
 411   3                      }
 412   2                      if (!t) {
 413   3                              u8TimeOut = 1;
 414   3                              break;
 415   3                      }
 416   2                      ++t;
 417   2              }
 418   1              
 419   1              if (u8TimeOut) {
 420   2                      /* start error */
 421   2                      send_stop();
 422   2                      return 0;
 423   2              }
 424   1              
 425   1              if (I2STAT != 0x08) {
 426   2                      /* start error */
C51 COMPILER V9.60.0.0   I2CEEPROM                                                         01/13/2024 15:56:51 PAGE 8   

 427   2                      send_stop();
 428   2                      return 0;
 429   2              }
 430   1              
 431   1              /* send address */
 432   1              STA = 0;
 433   1              STO = 0;
 434   1              I2DAT = (EEPROM_SLA | EEPROM_RD);
 435   1              SI = 0;
 436   1              t = 1;
 437   1              u8TimeOut = 0;
 438   1              while (1) {
 439   2                      if (SI) {
 440   3                              break;
 441   3                      }
 442   2                      if (!t) {
 443   3                              u8TimeOut = 1;
 444   3                              break;
 445   3                      }
 446   2                      ++t;
 447   2              }
 448   1              
 449   1              if (u8TimeOut) {
 450   2                      /* send address error */
 451   2                      send_stop();
 452   2                      return 0;
 453   2              }
 454   1              
 455   1              if (I2STAT != 0x40) {
 456   2                      /* send address error */
 457   2                      send_stop();
 458   2                      return 0;
 459   2              }
 460   1              
 461   1              /* last byte */
 462   1              AA = 0;
 463   1              SI = 0;
 464   1              t = 1;
 465   1              u8TimeOut = 0;
 466   1              while (1) {
 467   2                      if (SI) {
 468   3                              break;
 469   3                      }
 470   2                      if (!t) {
 471   3                              u8TimeOut = 1;
 472   3                              break;
 473   3                      }
 474   2                      ++t;
 475   2              }
 476   1              if (u8TimeOut) {
 477   2                      /* send data error */
 478   2                      send_stop();
 479   2                      return 0;
 480   2              }
 481   1              if (I2STAT != 0x58) {
 482   2                      /* send data error */
 483   2                      send_stop();
 484   2                      return 0;
 485   2              }
 486   1              *pData = I2DAT;
 487   1              /* stop */
 488   1              return send_stop();
C51 COMPILER V9.60.0.0   I2CEEPROM                                                         01/13/2024 15:56:51 PAGE 9   

 489   1      }
 490          
 491          bit I2C_ReadInt(uint8_t addRead, uint16_t *pData)
 492          {
 493   1              // uint8_t i;
 494   1              uint8_t xdata u8TimeOut;
 495   1              uint16_t xdata t;
 496   1      
 497   1              if (!I2C_Write_Address(addRead)) {
 498   2                      return 0;
 499   2              }
 500   1      
 501   1      
 502   1              if (I2STAT != 0xF8) {
 503   2                      return 0;
 504   2              }
 505   1              
 506   1              /* start */
 507   1              STO = 0;
 508   1              STA = 1;
 509   1              SI = 0;
 510   1              t = 1;
 511   1              u8TimeOut = 0;
 512   1              
 513   1              while (1) {
 514   2                      if (SI) {
 515   3                              break;
 516   3                      }
 517   2                      if (!t) {
 518   3                              u8TimeOut = 1;
 519   3                              break;
 520   3                      }
 521   2                      ++t;
 522   2              }
 523   1              
 524   1              if (u8TimeOut) {
 525   2                      /* start error */
 526   2                      send_stop();
 527   2                      return 0;
 528   2              }
 529   1              
 530   1              if (I2STAT != 0x08) {
 531   2                      /* start error */
 532   2                      send_stop();
 533   2                      return 0;
 534   2              }
 535   1              
 536   1              /* send address */
 537   1              STA = 0;
 538   1              STO = 0;
 539   1              I2DAT = (EEPROM_SLA | EEPROM_RD);
 540   1              SI = 0;
 541   1              t = 1;
 542   1              u8TimeOut = 0;
 543   1              while (1) {
 544   2                      if (SI) {
 545   3                              break;
 546   3                      }
 547   2                      if (!t) {
 548   3                              u8TimeOut = 1;
 549   3                              break;
 550   3                      }
C51 COMPILER V9.60.0.0   I2CEEPROM                                                         01/13/2024 15:56:51 PAGE 10  

 551   2                      ++t;
 552   2              }
 553   1              
 554   1              if (u8TimeOut) {
 555   2                      /* send address error */
 556   2                      send_stop();
 557   2                      return 0;
 558   2              }
 559   1              
 560   1              if (I2STAT != 0x40) {
 561   2                      /* send address error */
 562   2                      send_stop();
 563   2                      return 0;
 564   2              }
 565   1      
 566   1              // get Data
 567   1              // for (i = 0; i < length - 1; ++i) {
 568   1                      AA = 1;
 569   1                      SI = 0;
 570   1                      t = 1;
 571   1                      u8TimeOut = 0;
 572   1                      while (1) {
 573   2                              if (SI) {
 574   3                                      break;
 575   3                              }
 576   2                              if (!t) {
 577   3                                      u8TimeOut = 1;
 578   3                                      break;
 579   3                              }
 580   2                              ++t;
 581   2                      }
 582   1                      if (u8TimeOut) {
 583   2                              /* send data error */
 584   2                              send_stop();
 585   2                              return 0;
 586   2                      }
 587   1                      if (I2STAT != 0x50) {
 588   2                              /* send data error */
 589   2                              send_stop();
 590   2                              return 0;
 591   2                      }
 592   1                      *pData = I2DAT;
 593   1              // }
 594   1              
 595   1              /* last byte */
 596   1              AA = 0;
 597   1              SI = 0;
 598   1              t = 1;
 599   1              u8TimeOut = 0;
 600   1              while (1) {
 601   2                      if (SI) {
 602   3                              break;
 603   3                      }
 604   2                      if (!t) {
 605   3                              u8TimeOut = 1;
 606   3                              break;
 607   3                      }
 608   2                      ++t;
 609   2              }
 610   1              if (u8TimeOut) {
 611   2                      /* send data error */
 612   2                      send_stop();
C51 COMPILER V9.60.0.0   I2CEEPROM                                                         01/13/2024 15:56:51 PAGE 11  

 613   2                      return 0;
 614   2              }
 615   1              if (I2STAT != 0x58) {
 616   2                      /* send data error */
 617   2                      send_stop();
 618   2                      return 0;
 619   2              }
 620   1              *pData = (*pData << 8) | I2DAT;
 621   1              /* stop */
 622   1              return send_stop();
 623   1      }
 624          
 625          bit I2C_CheckAddress(uint8_t Address)
 626          {
 627   1              uint16_t xdata t;
 628   1              uint8_t xdata u8TimeOut;
 629   1              
 630   1              
 631   1              if (I2STAT != 0xF8) {
 632   2                      return 0;
 633   2              }
 634   1              
 635   1              /* start */
 636   1              STO = 0;
 637   1              STA = 1;
 638   1              SI = 0;
 639   1              t = 1;
 640   1              u8TimeOut = 0;
 641   1              
 642   1              while (1) {
 643   2                      if (SI) {
 644   3                              break;
 645   3                      }
 646   2                      if (!t) {
 647   3                              u8TimeOut = 1;
 648   3                              break;
 649   3                      }
 650   2                      ++t;
 651   2              }
 652   1              
 653   1              if (u8TimeOut) {
 654   2                      /* start error */
 655   2                      send_stop();
 656   2                      return 0;
 657   2              }
 658   1              
 659   1              if (I2STAT != 0x08) {
 660   2                      /* start error */
 661   2                      send_stop();
 662   2                      return 0;
 663   2              }
 664   1              
 665   1              /* send address */
 666   1              STA = 0;
 667   1              STO = 0;
 668   1              I2DAT = (Address | EEPROM_RD);
 669   1              SI = 0;
 670   1              t = 1;
 671   1              u8TimeOut = 0;
 672   1              while (1) {
 673   2                      if (SI) {
 674   3                              break;
C51 COMPILER V9.60.0.0   I2CEEPROM                                                         01/13/2024 15:56:51 PAGE 12  

 675   3                      }
 676   2                      if (!t) {
 677   3                              u8TimeOut = 1;
 678   3                              break;
 679   3                      }
 680   2                      ++t;
 681   2              }
 682   1              
 683   1              if (u8TimeOut) {
 684   2                      /* send address error */
 685   2                      send_stop();
 686   2                      return 0;
 687   2              }
 688   1              
 689   1              if (I2STAT != 0x40) {
 690   2                      /* send address error */
 691   2                      send_stop();
 692   2                      return 0;
 693   2              }
 694   1              
 695   1              /* last byte */
 696   1              AA = 0;
 697   1              SI = 0;
 698   1              t = 1;
 699   1              u8TimeOut = 0;
 700   1              while (1) {
 701   2                      if (SI) {
 702   3                              break;
 703   3                      }
 704   2                      if (!t) {
 705   3                              u8TimeOut = 1;
 706   3                              break;
 707   3                      }
 708   2                      ++t;
 709   2              }
 710   1              if (u8TimeOut) {
 711   2                      /* send data error */
 712   2                      send_stop();
 713   2                      return 0;
 714   2              }
 715   1              if (I2STAT != 0x58) {
 716   2                      /* send data error */
 717   2                      send_stop();
 718   2                      return 0;
 719   2              }
 720   1              t = I2DAT;
 721   1              /* stop */
 722   1              return send_stop();
 723   1      }
 724          
 725          bit send_stop(void)
 726          {
 727   1              uint16_t xdata t;
 728   1              uint8_t xdata u8TimeOut;
 729   1              
 730   1              STA = 0;
 731   1              STO = 1;
 732   1              SI = 0;
 733   1              t = 1;
 734   1              u8TimeOut = 0;
 735   1              while (1) {
 736   2                      if (I2STAT == 0xF8) {
C51 COMPILER V9.60.0.0   I2CEEPROM                                                         01/13/2024 15:56:51 PAGE 13  

 737   3                              break;
 738   3                      }
 739   2                      if (!t) {
 740   3                              u8TimeOut = 1;
 741   3                              break;
 742   3                      }
 743   2                      ++t;
 744   2              }
 745   1              return (!u8TimeOut);
 746   1      }


MODULE INFORMATION:   STATIC OVERLAYABLE
   CODE SIZE        =   1832    ----
   CONSTANT SIZE    =   ----    ----
   XDATA SIZE       =   ----      22
   PDATA SIZE       =   ----    ----
   DATA SIZE        =   ----      13
   IDATA SIZE       =   ----    ----
   BIT SIZE         =   ----    ----
END OF MODULE INFORMATION.


C51 COMPILATION COMPLETE.  0 WARNING(S),  0 ERROR(S)
