C51 COMPILER V9.60.0.0   ADC                                                               01/17/2024 11:14:27 PAGE 1   


C51 COMPILER V9.60.0.0, COMPILATION OF MODULE ADC
OBJECT MODULE PLACED IN .\Output\ADC.obj
COMPILER INVOKED BY: C:\Keil_v5\C51\BIN\C51.EXE Code\ADC.C OPTIMIZE(8,SPEED) BROWSE INCDIR(..\..\Include;..\..\LIB) DEFI
                    -NE(FOSC_160000) DEBUG OBJECTEXTEND PRINT(.\LST\ADC.lst) OBJECT(.\Output\ADC.obj)

line level    source

   1          /*--------------------------------------------------------------------------------------------------------
             --*/
   2          /*                                                                                                        
             - */
   3          /* Copyright(c) 2017 Nuvoton Technology Corp. All rights reserved.                                        
             - */
   4          /*                                                                                                        
             - */
   5          /*--------------------------------------------------------------------------------------------------------
             --*/
   6          
   7          //********************************************************************************************************
             -***
   8          //  Website: http://www.nuvoton.com
   9          //  E-Mail : MicroC-8bit@nuvoton.com
  10          //  Date   : Jan/21/2017
  11          //********************************************************************************************************
             -***
  12          
  13          //********************************************************************************************************
             -***
  14          //  File Function: N76E003  ADC mutli channel demo code
  15          //********************************************************************************************************
             -***
  16          #include "N76E003.h"
  17          #include "SFR_Macro.h"
  18          #include "Function_define.h"
  19          #include "Common.h"
  20          #include "Delay.h"
  21          
  22          #include "GPIO.h"
  23          
  24          #define ADCpin 17
  25          
  26          void main (void) 
  27          {
  28   1              unsigned int ADCValue1;
  29   1              float fVoltage1;
  30   1              InitialUART0_Timer3(115200);
  31   1              TI = 1;
  32   1              
  33   1              pinMode(ADCpin, INPUT);
  34   1      
  35   1               while (1) {
  36   2                      ADCValue1 = analogRead(ADCpin);
  37   2                      fVoltage1 = ((float) ADCValue1 * 5.0) / 4095.0;
  38   2                       
  39   2                      //printf("\nADC value at pin 17 is: %.2f", fVoltage1);
  40   2                       
  41   2                      printf("\n-1\t6\t%.2f", fVoltage1);
  42   2                      Timer0_Delay1ms(100);
  43   2      
  44   2               }
  45   1      }
C51 COMPILER V9.60.0.0   ADC                                                               01/17/2024 11:14:27 PAGE 2   



MODULE INFORMATION:   STATIC OVERLAYABLE
   CODE SIZE        =     96    ----
   CONSTANT SIZE    =     11    ----
   XDATA SIZE       =   ----    ----
   PDATA SIZE       =   ----    ----
   DATA SIZE        =   ----       6
   IDATA SIZE       =   ----    ----
   BIT SIZE         =   ----    ----
END OF MODULE INFORMATION.


C51 COMPILATION COMPLETE.  0 WARNING(S),  0 ERROR(S)
