C51 COMPILER V9.60.0.0   I2C_EEPROM                                                        01/17/2024 15:52:28 PAGE 1   


C51 COMPILER V9.60.0.0, COMPILATION OF MODULE I2C_EEPROM
OBJECT MODULE PLACED IN .\Output\I2C_EEPROM.obj
COMPILER INVOKED BY: C:\Keil_v5\C51\BIN\C51.EXE Code\I2C_EEPROM.c OPTIMIZE(8,SPEED) BROWSE INCDIR(..\..\Include;..\..\LI
                    -B) DEFINE(FOSC_160000) DEBUG OBJECTEXTEND PRINT(.\LST\I2C_EEPROM.lst) OBJECT(.\Output\I2C_EEPROM.obj)

line level    source

   1          #include "N76E003.h"
   2          #include "SFR_Macro.h"
   3          #include "Function_define.h"
   4          #include "Common.h"
   5          #include "Delay.h"
   6          
   7          #include "I2Ceeprom.h"
   8          
   9          
  10          // ------------------------ MAIN -----------------------
  11          
  12          #define WAIT_I2C 2
  13          
  14          void main(void)
  15          {
  16   1          char a = 0x0;
  17   1          char b = 0x0;
  18   1          char c = 0x0;
  19   1          char d = 0x0;
  20   1      
  21   1              uint16_t sum, sum1;
  22   1      
  23   1              P1M1 &= ~(1 << 2);
  24   1          P1M2 |= (1 << 2);
  25   1              P12 = 0;
  26   1          InitialUART0_Timer3(115200);
  27   1          TI = 1;     
  28   1              
  29   1              /* init */
  30   1              I2C_Init();
  31   1              
  32   1              /* check address */
  33   1              if (!I2C_CheckAddress(EEPROM_SLA)) {
  34   2                      while (1) {
  35   3                              P12 = 1;
  36   3                              Timer0_Delay1ms(500);
  37   3                              P12 = 0;
  38   3                              Timer0_Delay1ms(500);
  39   3                  printf("Check Error\n");
  40   3                      }
  41   2              }
  42   1              
  43   1              Timer0_Delay1ms(WAIT_I2C);
  44   1              
  45   1              /* write data */
  46   1              
  47   1              if (!I2C_WriteInt(2, 1234)) {
  48   2                      while (1) {
  49   3                              P12 = 1;
  50   3                              Timer0_Delay1ms(500);
  51   3                              P12 = 0;
  52   3                              Timer0_Delay1ms(500);
  53   3                  printf("Write data Error 1\n");
  54   3                      }
C51 COMPILER V9.60.0.0   I2C_EEPROM                                                        01/17/2024 15:52:28 PAGE 2   

  55   2              }
  56   1              /*
  57   1              if (!I2C_Write(6, 0x04)) {
  58   1                      while (1) {
  59   1                              P12 = 1;
  60   1                              Timer0_Delay1ms(500);
  61   1                              P12 = 0;
  62   1                              Timer0_Delay1ms(500);
  63   1                  printf("Write data Error 1\n");
  64   1                      }
  65   1              }
  66   1              
  67   1              
  68   1              Timer0_Delay1ms(WAIT_I2C);
  69   1      
  70   1              if (!I2C_Write(7, 0xD2)) {
  71   1                      while (1) {
  72   1                              P12 = 1;
  73   1                              Timer0_Delay1ms(500);
  74   1                              P12 = 0;
  75   1                              Timer0_Delay1ms(500);
  76   1                  printf("Write data Error 1\n");
  77   1                      }
  78   1              }
  79   1              */
  80   1              
  81   1              
  82   1              Timer0_Delay1ms(WAIT_I2C);
  83   1      
  84   1              if (!I2C_WriteInt(4, 5678)) {
  85   2                      while (1) {
  86   3                              P12 = 1;
  87   3                              Timer0_Delay1ms(500);
  88   3                              P12 = 0;
  89   3                              Timer0_Delay1ms(500);
  90   3                  printf("Write data Error 2\n");
  91   3                      }
  92   2              }
  93   1              Timer0_Delay1ms(WAIT_I2C);
  94   1      
  95   1              if (!I2C_Read(6, &a)) {
  96   2                      while (1) {
  97   3                              Timer0_Delay1ms(1000);
  98   3                  printf("Read data Error 3\n");
  99   3                      }
 100   2              }
 101   1              if (!I2C_Read(7, &b)) {
 102   2                      while (1) {
 103   3                              Timer0_Delay1ms(1000);
 104   3                  printf("Read data Error 4\n");
 105   3                      }
 106   2              }
 107   1              
 108   1              if (!I2C_ReadInt(4, &sum1)) {
 109   2                      while (1) {
 110   3                              Timer0_Delay1ms(1000);
 111   3                  printf("Read data Error 5\n");
 112   3                      }
 113   2              }
 114   1              if (!I2C_ReadInt(6, &sum)) {
 115   2                      while (1) {
 116   3                              Timer0_Delay1ms(1000);
C51 COMPILER V9.60.0.0   I2C_EEPROM                                                        01/17/2024 15:52:28 PAGE 3   

 117   3                  printf("Read data Error 5\n");
 118   3                      }
 119   2              }
 120   1      
 121   1              //sum = (a << 8) | b;
 122   1              
 123   1              Timer0_Delay1ms(500);
 124   1          printf("Code test PASS\n");
 125   1              
 126   1      
 127   1              while (1) {
 128   2                      P12 = 1;
 129   2                      Timer0_Delay1ms(500);
 130   2                      P12 = 0;
 131   2                      Timer0_Delay1ms(500);
 132   2              printf("Data read: %d %d 0x%2x 0x%2x \n", sum, sum1, a & 0xff, b & 0xff);
 133   2              }
 134   1      }
 135          
 136          


MODULE INFORMATION:   STATIC OVERLAYABLE
   CODE SIZE        =    425    ----
   CONSTANT SIZE    =    157    ----
   XDATA SIZE       =   ----    ----
   PDATA SIZE       =   ----    ----
   DATA SIZE        =   ----       8
   IDATA SIZE       =   ----    ----
   BIT SIZE         =   ----    ----
END OF MODULE INFORMATION.


C51 COMPILATION COMPLETE.  0 WARNING(S),  0 ERROR(S)
