C51 COMPILER V9.60.0.0   IC74HC595                                                         01/17/2024 17:37:15 PAGE 1   


C51 COMPILER V9.60.0.0, COMPILATION OF MODULE IC74HC595
OBJECT MODULE PLACED IN .\Output\ic74hc595.obj
COMPILER INVOKED BY: C:\Keil_v5\C51\BIN\C51.EXE Code\ic74hc595.c OPTIMIZE(8,SPEED) BROWSE INCDIR(..\..\Include;..\..\LIB
                    -) DEFINE(FOSC_160000) DEBUG OBJECTEXTEND PRINT(.\LST\ic74hc595.lst) OBJECT(.\Output\ic74hc595.obj)

line level    source

   1          /*--------------------------------------------------------------------------------------------------------
             --*/
   2          /*                                                                                                        
             - */
   3          /* Copyright(c) 2017 Nuvoton Technology Corp. All rights reserved.                                        
             - */
   4          /*                                                                                                        
             - */
   5          /*--------------------------------------------------------------------------------------------------------
             --*/
   6          
   7          //********************************************************************************************************
             -***
   8          //  Website: http://www.nuvoton.com
   9          //  E-Mail : MicroC-8bit@nuvoton.com
  10          //  Date   : Jan/21/2017
  11          //********************************************************************************************************
             -***
  12          
  13          //********************************************************************************************************
             -***
  14          //  File Function: N76E003 GPIO demo code
  15          //********************************************************************************************************
             -***
  16          #include "N76E003.h"
  17          #include "SFR_Macro.h"
  18          #include "Function_define.h"
  19          #include "Common.h"
  20          #include "Delay.h"
  21          
  22          #include "GPIO.h"
  23          #include "TM1637.h"
  24          
  25          // --------------------- Example IC 74HC595 - 8 LED - USE LIB - TM1637   ---------------------------------
             ----
  26          
  27          #define LAT595  0
  28          #define QH595   5
  29          #define CLK595  10
  30          
  31          #define ADCpin  17
  32          
  33          #define CLK             11
  34          #define DIO     12
  35          
  36          TM1637 display;
  37          
  38          void showValue(int so)
  39          {
  40   1        int xdata d = so / 1000;
  41   1        int xdata c = ((so / 100) % 10);
  42   1        int xdata b = (so % 100) / 10;
  43   1        int xdata a = so % 10;
  44   1      
C51 COMPILER V9.60.0.0   IC74HC595                                                         01/17/2024 17:37:15 PAGE 2   

  45   1        uint8_t datas[] = { 0xff, 0xff, 0xff, 0xff };
  46   1        datas[0] = TM1637_encodeDigit(d);
  47   1        datas[1] = TM1637_encodeDigit(c);
  48   1        datas[2] = TM1637_encodeDigit(b);
  49   1        datas[3] = TM1637_encodeDigit(a);
  50   1        TM1637_setSegments(&display, datas);
  51   1      }
  52          
  53          void out1byte(uint8_t byteout){
  54   1              uint8_t i;
  55   1              for (i = 0; i < 8; i++){
  56   2                      digitalWrite(QH595, (byteout >> 7) & 0x1);
  57   2                      digitalWrite(CLK595, LOW);
  58   2                      digitalWrite(CLK595, HIGH);
  59   2                      byteout = byteout << 1;
  60   2              }
  61   1              digitalWrite(LAT595, LOW);
  62   1              digitalWrite(LAT595, HIGH);
  63   1      }
  64          
  65          
  66          void ON_LED(uint8_t * STT, uint8_t n){
  67   1              if (n < 1 || n > 8) return ;
  68   1              *STT |= (1 << (n - 1));
  69   1              out1byte(*STT);
  70   1      }
  71          
  72          void OFF_LED(uint8_t * STT, uint8_t n){
  73   1              if (n < 1 || n > 8) return ;
  74   1              *STT &= ~(1 << (n - 1));
  75   1              out1byte(*STT);
  76   1      }
  77          
  78          void main (void) 
  79          {
  80   1              uint8_t led_STT = 0x1;
  81   1              uint16_t adcValue, u16Vol;
  82   1              
  83   1              TM1637_init(&display, CLK, DIO);
  84   1              Timer0_Delay1ms(100);
  85   1              TM1637_setBrightness(&display, 0x0f); // led 7 doan
  86   1              
  87   1              pinMode(LAT595, OUTPUT);
  88   1              pinMode(QH595, OUTPUT);
  89   1              pinMode(CLK595, OUTPUT);
  90   1              pinMode(ADCpin, INPUT);
  91   1              
  92   1      
  93   1              while(1)
  94   1              {
  95   2                      adcValue = analogRead(ADCpin);
  96   2                      u16Vol = (uint16_t)(((float) adcValue * 5000.0) / 4095.0);              // convert 0-4095 --> 0-5000 mV
  97   2                      
  98   2                      
  99   2                      
 100   2                      
 101   2                      
 102   2                      
 103   2                      
 104   2                      
 105   2                      if (adcValue >= 3584) led_STT = 0xff;
 106   2                      else if (adcValue >= 3072) led_STT = 0x7f;
C51 COMPILER V9.60.0.0   IC74HC595                                                         01/17/2024 17:37:15 PAGE 3   

 107   2                      else if (adcValue >= 2560) led_STT = 0x3f;
 108   2                      else if (adcValue >= 2048) led_STT = 0x1f;
 109   2                      else if (adcValue >= 1536) led_STT = 0xf;
 110   2                      else if (adcValue >= 1024) led_STT = 0x7;
 111   2                      else if (adcValue >= 512) led_STT = 0x3;
 112   2                      else if (adcValue >= 0) led_STT = 0x1;
 113   2                      
 114   2                      out1byte(led_STT);
 115   2                      showValue(u16Vol);
 116   2                      
 117   2                      Timer0_Delay1ms(500);
 118   2              }
 119   1      
 120   1      }
 121          
 122          
 123          


MODULE INFORMATION:   STATIC OVERLAYABLE
   CODE SIZE        =    599    ----
   CONSTANT SIZE    =      4    ----
   XDATA SIZE       =   ----       8
   PDATA SIZE       =   ----    ----
   DATA SIZE        =      3      17
   IDATA SIZE       =   ----    ----
   BIT SIZE         =   ----    ----
END OF MODULE INFORMATION.


C51 COMPILATION COMPLETE.  0 WARNING(S),  0 ERROR(S)
